[     163ms] [ERROR] [NoriLogger] [WARN] DSPClientStrategy No events to send to endpoint @ https://m.media-amazon.com/images/I/B1dz9frsFyL.js:10
[     165ms] [ERROR] [NoriLogger] [WARN] DSPClientStrategy No events to send to endpoint @ https://m.media-amazon.com/images/I/B1dz9frsFyL.js:10
[     166ms] [ERROR] [NoriLogger] [WARN] DSPClientStrategy No events to send to endpoint @ https://m.media-amazon.com/images/I/B1dz9frsFyL.js:10
[     875ms] [ERROR] Failed to load resource: the server responded with a status of 404 () @ https://m.media-amazon.com/images/S/sash/amazon.js:0
[     886ms] [WARNING] No client strategy found. Metrics will not be enabled. @ https://m.media-amazon.com/images/I/911U-Fct8AL.js:26
[     899ms] [ERROR] Failed to load resource: the server responded with a status of 404 () @ https://m.media-amazon.com/images/S/sash/mraid.js:0
[    1408ms] [LOG] imageBlockDimensionIngress TypeError: utils.setDimensionIngressData is not a function
    at https://www.amazon.com/dp/B08D9HWD2B?th=1:5863:31
    at n (https://www.amazon.com/dp/B08D9HWD2B:102:324)
    at https://www.amazon.com/dp/B08D9HWD2B:104:174
    at B (https://www.amazon.com/dp/B08D9HWD2B:105:424) @ https://www.amazon.com/dp/B08D9HWD2B?th=1:5864
[     875ms] [ERROR] Failed to load resource: the server responded with a status of 404 () @ https://m.media-amazon.com/images/S/sash/amazon.js:0
[     899ms] [ERROR] Failed to load resource: the server responded with a status of 404 () @ https://m.media-amazon.com/images/S/sash/mraid.js:0
[    1538ms] [LOG] [NoriLogger] Initialized successfully @ https://m.media-amazon.com/images/I/B1dz9frsFyL.js:26
[    1541ms] [ERROR] [NoriLogger] [WARN] DSPClientStrategy NoriLogger: Timer for fontsRender already exists. @ https://m.media-amazon.com/images/I/B1dz9frsFyL.js:10
[    1542ms] [ERROR] [NoriLogger] [WARN] DSPClientStrategy NoriLogger: Timer for fontsRender already exists. @ https://m.media-amazon.com/images/I/B1dz9frsFyL.js:10
[    1582ms] [ERROR] Failed to load resource: net::ERR_TRUST_TOKEN_OPERATION_FAILED @ https://www.amazon.com/tt/i:0
[    1660ms] [WARNING] VIDEOJS: WARN: Using hls options is deprecated. Use vhs instead. @ https://m.media-amazon.com/images/I/3175HHgX+OL._RC%7C01x4giTy+uL.js,01r9LpT6pbL.js,41NWBkfooBL.js,11QfrzttlqL.js,91VXiFQ1TCL.js,01ELLYeIOkL.js_.js?AUIClients/Brila:491
[    1667ms] [WARNING] VIDEOJS: WARN: Using hls options is deprecated. Use vhs instead. @ https://m.media-amazon.com/images/I/3175HHgX+OL._RC%7C01x4giTy+uL.js,01r9LpT6pbL.js,41NWBkfooBL.js,11QfrzttlqL.js,91VXiFQ1TCL.js,01ELLYeIOkL.js_.js?AUIClients/Brila:491
[    3390ms] [ERROR] Error logged with the Track&Report JS errors API(http://tiny/1covqr6l8/wamazindeClieUserJava): {"m":"ARA:RegisterTriggerResponseError:DPV. Error receiving response from ARAServiceFailed to execute 'json' on 'Response': Unexpected end of JSON input","name":"SyntaxError","csm":"v5 ueLogError stack","logLevel":"ERROR","attribution":"ARARegisterTrigger","pageURL":"https://www.amazon.com/dp/B08D9HWD2B?th=1","f":"https://m.media-amazon.com/images/I/21vARlfe4pL._RC%7C11WTF6kPMoL.js_.js?AUIClients/ARARegisterTriggerSubAssets-dpv","l":"7","s":["SyntaxError: Unexpected end of JSON input","at https://m.media-amazon.com/images/I/21vARlfe4pL._RC%7C11WTF6kPMoL.js_.js?AUIClients/ARARegisterTriggerSubAssets-dpv:7:384"],"t":3213} {m: ARA:RegisterTriggerResponseError:DPV. Error receiv…json' on 'Response': Unexpected end of JSON input, name: SyntaxError, type: undefined, csm: v5 ueLogError stack, logLevel: ERROR} @ https://images-na.ssl-images-amazon.com/images/I/215h87l68bL.js:3
[   14583ms] [WARNING] The resource https://m.media-amazon.com/images/I/61RcCAsSo5L.js?AUIClients/ was preloaded using link preload but not used within a few seconds from the window's load event. Please make sure it has an appropriate `as` value and it is preloaded intentionally. @ https://www.amazon.com/dp/B08D9HWD2B?th=1:0
[   14583ms] [WARNING] The resource https://m.media-amazon.com/images/S/sash/6RbbhgXwqlAUpb7.html#sfClientHtmlUrl was preloaded using link preload but not used within a few seconds from the window's load event. Please make sure it has an appropriate `as` value and it is preloaded intentionally. @ https://www.amazon.com/dp/B08D9HWD2B?th=1:0
[   14583ms] [WARNING] The resource https://m.media-amazon.com/images/I/515lnu3NknL.js?AUIClients/ was preloaded using link preload but not used within a few seconds from the window's load event. Please make sure it has an appropriate `as` value and it is preloaded intentionally. @ https://www.amazon.com/dp/B08D9HWD2B?th=1:0
[   14583ms] [WARNING] The resource https://m.media-amazon.com/images/I/617wb09azWL._RC%7C81BDYetYLFL.js,31jsB13JlVL.js_.js?AUIClients/ was preloaded using link preload but not used within a few seconds from the window's load event. Please make sure it has an appropriate `as` value and it is preloaded intentionally. @ https://www.amazon.com/dp/B08D9HWD2B?th=1:0
[   14583ms] [WARNING] The resource https://m.media-amazon.com/images/I/119lYNyqoQL.js?AUIClients/ was preloaded using link preload but not used within a few seconds from the window's load event. Please make sure it has an appropriate `as` value and it is preloaded intentionally. @ https://www.amazon.com/dp/B08D9HWD2B?th=1:0
[   14583ms] [WARNING] The resource https://m.media-amazon.com/images/S/sash/Ql6xrUBJ4suzakz.js#sfClientUrl was preloaded using link preload but not used within a few seconds from the window's load event. Please make sure it has an appropriate `as` value and it is preloaded intentionally. @ https://www.amazon.com/dp/B08D9HWD2B?th=1:0
[   14583ms] [WARNING] The resource https://m.media-amazon.com/images/I/51S-qOAsDtL.js?AUIClients/ was preloaded using link preload but not used within a few seconds from the window's load event. Please make sure it has an appropriate `as` value and it is preloaded intentionally. @ https://www.amazon.com/dp/B08D9HWD2B?th=1:0
[   14583ms] [WARNING] The resource https://m.media-amazon.com/images/I/31lqqqMDjxL.js?AUIClients/ was preloaded using link preload but not used within a few seconds from the window's load event. Please make sure it has an appropriate `as` value and it is preloaded intentionally. @ https://www.amazon.com/dp/B08D9HWD2B?th=1:0
[   14583ms] [WARNING] The resource https://m.media-amazon.com/images/I/31xJau8gMoL.js?AUIClients/ was preloaded using link preload but not used within a few seconds from the window's load event. Please make sure it has an appropriate `as` value and it is preloaded intentionally. @ https://www.amazon.com/dp/B08D9HWD2B?th=1:0
[   22087ms] [WARNING] The resource https://m.media-amazon.com/images/I/61RcCAsSo5L.js?AUIClients/ was preloaded using link preload but not used within a few seconds from the window's load event. Please make sure it has an appropriate `as` value and it is preloaded intentionally. @ https://www.amazon.com/dp/B08D9HWD2B?th=1:0
[   22087ms] [WARNING] The resource https://m.media-amazon.com/images/S/sash/6RbbhgXwqlAUpb7.html#sfClientHtmlUrl was preloaded using link preload but not used within a few seconds from the window's load event. Please make sure it has an appropriate `as` value and it is preloaded intentionally. @ https://www.amazon.com/dp/B08D9HWD2B?th=1:0
[   22087ms] [WARNING] The resource https://m.media-amazon.com/images/I/515lnu3NknL.js?AUIClients/ was preloaded using link preload but not used within a few seconds from the window's load event. Please make sure it has an appropriate `as` value and it is preloaded intentionally. @ https://www.amazon.com/dp/B08D9HWD2B?th=1:0
[   22087ms] [WARNING] The resource https://m.media-amazon.com/images/I/617wb09azWL._RC%7C81BDYetYLFL.js,31jsB13JlVL.js_.js?AUIClients/ was preloaded using link preload but not used within a few seconds from the window's load event. Please make sure it has an appropriate `as` value and it is preloaded intentionally. @ https://www.amazon.com/dp/B08D9HWD2B?th=1:0
[   22087ms] [WARNING] The resource https://m.media-amazon.com/images/I/119lYNyqoQL.js?AUIClients/ was preloaded using link preload but not used within a few seconds from the window's load event. Please make sure it has an appropriate `as` value and it is preloaded intentionally. @ https://www.amazon.com/dp/B08D9HWD2B?th=1:0
[   22087ms] [WARNING] The resource https://m.media-amazon.com/images/S/sash/Ql6xrUBJ4suzakz.js#sfClientUrl was preloaded using link preload but not used within a few seconds from the window's load event. Please make sure it has an appropriate `as` value and it is preloaded intentionally. @ https://www.amazon.com/dp/B08D9HWD2B?th=1:0
[   22087ms] [WARNING] The resource https://m.media-amazon.com/images/I/51S-qOAsDtL.js?AUIClients/ was preloaded using link preload but not used within a few seconds from the window's load event. Please make sure it has an appropriate `as` value and it is preloaded intentionally. @ https://www.amazon.com/dp/B08D9HWD2B?th=1:0
[   22087ms] [WARNING] The resource https://m.media-amazon.com/images/I/31lqqqMDjxL.js?AUIClients/ was preloaded using link preload but not used within a few seconds from the window's load event. Please make sure it has an appropriate `as` value and it is preloaded intentionally. @ https://www.amazon.com/dp/B08D9HWD2B?th=1:0
[   22087ms] [WARNING] The resource https://m.media-amazon.com/images/I/31xJau8gMoL.js?AUIClients/ was preloaded using link preload but not used within a few seconds from the window's load event. Please make sure it has an appropriate `as` value and it is preloaded intentionally. @ https://www.amazon.com/dp/B08D9HWD2B?th=1:0
[   33343ms] [WARNING] The resource https://m.media-amazon.com/images/I/61RcCAsSo5L.js?AUIClients/ was preloaded using link preload but not used within a few seconds from the window's load event. Please make sure it has an appropriate `as` value and it is preloaded intentionally. @ https://www.amazon.com/dp/B08D9HWD2B?th=1:0
[   33343ms] [WARNING] The resource https://m.media-amazon.com/images/S/sash/6RbbhgXwqlAUpb7.html#sfClientHtmlUrl was preloaded using link preload but not used within a few seconds from the window's load event. Please make sure it has an appropriate `as` value and it is preloaded intentionally. @ https://www.amazon.com/dp/B08D9HWD2B?th=1:0
[   33343ms] [WARNING] The resource https://m.media-amazon.com/images/I/515lnu3NknL.js?AUIClients/ was preloaded using link preload but not used within a few seconds from the window's load event. Please make sure it has an appropriate `as` value and it is preloaded intentionally. @ https://www.amazon.com/dp/B08D9HWD2B?th=1:0
[   33343ms] [WARNING] The resource https://m.media-amazon.com/images/I/617wb09azWL._RC%7C81BDYetYLFL.js,31jsB13JlVL.js_.js?AUIClients/ was preloaded using link preload but not used within a few seconds from the window's load event. Please make sure it has an appropriate `as` value and it is preloaded intentionally. @ https://www.amazon.com/dp/B08D9HWD2B?th=1:0
[   33343ms] [WARNING] The resource https://m.media-amazon.com/images/I/119lYNyqoQL.js?AUIClients/ was preloaded using link preload but not used within a few seconds from the window's load event. Please make sure it has an appropriate `as` value and it is preloaded intentionally. @ https://www.amazon.com/dp/B08D9HWD2B?th=1:0
[   33343ms] [WARNING] The resource https://m.media-amazon.com/images/S/sash/Ql6xrUBJ4suzakz.js#sfClientUrl was preloaded using link preload but not used within a few seconds from the window's load event. Please make sure it has an appropriate `as` value and it is preloaded intentionally. @ https://www.amazon.com/dp/B08D9HWD2B?th=1:0
[   33343ms] [WARNING] The resource https://m.media-amazon.com/images/I/51S-qOAsDtL.js?AUIClients/ was preloaded using link preload but not used within a few seconds from the window's load event. Please make sure it has an appropriate `as` value and it is preloaded intentionally. @ https://www.amazon.com/dp/B08D9HWD2B?th=1:0
[   33343ms] [WARNING] The resource https://m.media-amazon.com/images/I/31lqqqMDjxL.js?AUIClients/ was preloaded using link preload but not used within a few seconds from the window's load event. Please make sure it has an appropriate `as` value and it is preloaded intentionally. @ https://www.amazon.com/dp/B08D9HWD2B?th=1:0
[   33343ms] [WARNING] The resource https://m.media-amazon.com/images/I/31xJau8gMoL.js?AUIClients/ was preloaded using link preload but not used within a few seconds from the window's load event. Please make sure it has an appropriate `as` value and it is preloaded intentionally. @ https://www.amazon.com/dp/B08D9HWD2B?th=1:0
[   50217ms] [WARNING] The resource https://m.media-amazon.com/images/I/61RcCAsSo5L.js?AUIClients/ was preloaded using link preload but not used within a few seconds from the window's load event. Please make sure it has an appropriate `as` value and it is preloaded intentionally. @ https://www.amazon.com/dp/B08D9HWD2B?th=1:0
[   50217ms] [WARNING] The resource https://m.media-amazon.com/images/S/sash/6RbbhgXwqlAUpb7.html#sfClientHtmlUrl was preloaded using link preload but not used within a few seconds from the window's load event. Please make sure it has an appropriate `as` value and it is preloaded intentionally. @ https://www.amazon.com/dp/B08D9HWD2B?th=1:0
[   50217ms] [WARNING] The resource https://m.media-amazon.com/images/I/515lnu3NknL.js?AUIClients/ was preloaded using link preload but not used within a few seconds from the window's load event. Please make sure it has an appropriate `as` value and it is preloaded intentionally. @ https://www.amazon.com/dp/B08D9HWD2B?th=1:0
[   50217ms] [WARNING] The resource https://m.media-amazon.com/images/I/617wb09azWL._RC%7C81BDYetYLFL.js,31jsB13JlVL.js_.js?AUIClients/ was preloaded using link preload but not used within a few seconds from the window's load event. Please make sure it has an appropriate `as` value and it is preloaded intentionally. @ https://www.amazon.com/dp/B08D9HWD2B?th=1:0
[   50217ms] [WARNING] The resource https://m.media-amazon.com/images/I/119lYNyqoQL.js?AUIClients/ was preloaded using link preload but not used within a few seconds from the window's load event. Please make sure it has an appropriate `as` value and it is preloaded intentionally. @ https://www.amazon.com/dp/B08D9HWD2B?th=1:0
[   50217ms] [WARNING] The resource https://m.media-amazon.com/images/S/sash/Ql6xrUBJ4suzakz.js#sfClientUrl was preloaded using link preload but not used within a few seconds from the window's load event. Please make sure it has an appropriate `as` value and it is preloaded intentionally. @ https://www.amazon.com/dp/B08D9HWD2B?th=1:0
[   50217ms] [WARNING] The resource https://m.media-amazon.com/images/I/51S-qOAsDtL.js?AUIClients/ was preloaded using link preload but not used within a few seconds from the window's load event. Please make sure it has an appropriate `as` value and it is preloaded intentionally. @ https://www.amazon.com/dp/B08D9HWD2B?th=1:0
[   50217ms] [WARNING] The resource https://m.media-amazon.com/images/I/31lqqqMDjxL.js?AUIClients/ was preloaded using link preload but not used within a few seconds from the window's load event. Please make sure it has an appropriate `as` value and it is preloaded intentionally. @ https://www.amazon.com/dp/B08D9HWD2B?th=1:0
[   50217ms] [WARNING] The resource https://m.media-amazon.com/images/I/31xJau8gMoL.js?AUIClients/ was preloaded using link preload but not used within a few seconds from the window's load event. Please make sure it has an appropriate `as` value and it is preloaded intentionally. @ https://www.amazon.com/dp/B08D9HWD2B?th=1:0
