[     863ms] [ERROR] Failed to load resource: the server responded with a status of 404 () @ https://m.media-amazon.com/images/S/sash/amazon.js:0
[     882ms] [LOG] [NoriLogger] Initialized successfully @ https://m.media-amazon.com/images/I/B1dz9frsFyL.js:26
[     902ms] [ERROR] Failed to load resource: the server responded with a status of 404 () @ https://m.media-amazon.com/images/S/sash/mraid.js:0
[     904ms] [WARNING] No client strategy found. Metrics will not be enabled. @ https://m.media-amazon.com/images/I/911U-Fct8AL.js:26
[     908ms] [ERROR] [NoriLogger] [WARN] DSPClientStrategy NoriLogger: Timer for fontsRender already exists. @ https://m.media-amazon.com/images/I/B1dz9frsFyL.js:10
[     863ms] [ERROR] Failed to load resource: the server responded with a status of 404 () @ https://m.media-amazon.com/images/S/sash/amazon.js:0
[     902ms] [ERROR] Failed to load resource: the server responded with a status of 404 () @ https://m.media-amazon.com/images/S/sash/mraid.js:0
[     863ms] [ERROR] Failed to load resource: the server responded with a status of 404 () @ https://m.media-amazon.com/images/S/sash/amazon.js:0
[     902ms] [ERROR] Failed to load resource: the server responded with a status of 404 () @ https://m.media-amazon.com/images/S/sash/mraid.js:0
[    1749ms] [LOG] [NoriLogger] Initialized successfully @ https://m.media-amazon.com/images/I/B1dz9frsFyL.js:26
[    1753ms] [ERROR] [NoriLogger] [WARN] DSPClientStrategy NoriLogger: Timer for fontsRender already exists. @ https://m.media-amazon.com/images/I/B1dz9frsFyL.js:10
[     863ms] [ERROR] Failed to load resource: the server responded with a status of 404 () @ https://m.media-amazon.com/images/S/sash/amazon.js:0
[     902ms] [ERROR] Failed to load resource: the server responded with a status of 404 () @ https://m.media-amazon.com/images/S/sash/mraid.js:0
[    1788ms] [LOG] [NoriLogger] Initialized successfully @ https://m.media-amazon.com/images/I/B1dz9frsFyL.js:26
[    1795ms] [ERROR] [NoriLogger] [WARN] DSPClientStrategy NoriLogger: Timer for fontsRender already exists. @ https://m.media-amazon.com/images/I/B1dz9frsFyL.js:10
[    1796ms] [ERROR] [NoriLogger] [WARN] DSPClientStrategy NoriLogger: Timer for fontsRender already exists. @ https://m.media-amazon.com/images/I/B1dz9frsFyL.js:10
[    1849ms] [ERROR] Failed to load resource: net::ERR_TRUST_TOKEN_OPERATION_FAILED @ https://www.amazon.com/tt/i:0
[    1889ms] [ERROR] Attestation check for Shared Storage on https://www.googleadservices.com failed. @ https://www.googleadservices.com/pagead/managed/js/activeview/current/reach_worklet.html:0
[    1971ms] [ERROR] [SushiLogger] Logger not initialized, truncation not logged @ https://m.media-amazon.com/images/I/B1dz9frsFyL.js:26
[    3697ms] [ERROR] Error logged with the Track&Report JS errors API(http://tiny/1covqr6l8/wamazindeClieUserJava): {"m":"ARA:RegisterTriggerResponseError:DPV. Error receiving response from ARAServiceFailed to execute 'json' on 'Response': Unexpected end of JSON input","name":"SyntaxError","csm":"v5 ueLogError stack","logLevel":"ERROR","attribution":"ARARegisterTrigger","pageURL":"https://www.amazon.com/dp/B07CG2R9ST?th=1","f":"https://m.media-amazon.com/images/I/21vARlfe4pL._RC%7C11WTF6kPMoL.js_.js?AUIClients/ARARegisterTriggerSubAssets-dpv","l":"7","s":["SyntaxError: Unexpected end of JSON input","at https://m.media-amazon.com/images/I/21vARlfe4pL._RC%7C11WTF6kPMoL.js_.js?AUIClients/ARARegisterTriggerSubAssets-dpv:7:384"],"t":3519} {m: ARA:RegisterTriggerResponseError:DPV. Error receiv…json' on 'Response': Unexpected end of JSON input, name: SyntaxError, type: undefined, csm: v5 ueLogError stack, logLevel: ERROR} @ https://images-na.ssl-images-amazon.com/images/I/215h87l68bL.js:3
