[    1086ms] [VERBOSE] [DOM] Multiple forms should be contained in their own form elements; break up complex forms into ones that represent a single action: (More info: https://goo.gl/9p2vKq) %o @ https://www.namecheap.com/myaccount/login/?ReturnUrl=%2fdomains%2fdomaincontrolpanel%2fcozytidyfinds.com%2fadvancedns:0
[    1086ms] [ERROR] Failed to load resource: the server responded with a status of 404 () @ https://files.namecheap.com/cdn/1275/assets/css/fonts/museo-sans-300-webfont.woff2:0
[    1087ms] [ERROR] Failed to load resource: the server responded with a status of 404 () @ https://files.namecheap.com/cdn/1275/assets/css/fonts/gb-icon.woff2:0
[    1087ms] [ERROR] Failed to load resource: the server responded with a status of 404 () @ https://files.namecheap.com/cdn/1275/assets/css/fonts/museo-sans-500-webfont.woff2:0
[    1087ms] [ERROR] Failed to load resource: the server responded with a status of 404 () @ https://files.namecheap.com/cdn/1275/assets/css/fonts/museo-sans-700-webfont.woff2:0
[    1087ms] [ERROR] Failed to load resource: the server responded with a status of 404 () @ https://files.namecheap.com/cdn/1275/assets/css/fonts/gb-icon-font.woff2:0
[    1414ms] Uncaught SyntaxError: Invalid regular expression: /^/support(/: Unterminated group
    at String.startsWith (https://files.namecheap.com/cdn/0/assets/js/v1275.global-script.min.js:81:9061)
    at <anonymous> (https://cdn.engagement.ai/production/static/js/sdk/chatSDK.841e89072fd84767eb9d.js:0:17221)
    at isPageMatching (https://cdn.engagement.ai/production/static/js/sdk/chatSDK.841e89072fd84767eb9d.js:0:17073)
    at isPageAllowed (https://cdn.engagement.ai/production/static/js/sdk/chatSDK.841e89072fd84767eb9d.js:0:17369)
    at T.shouldRemoveWidget (https://cdn.engagement.ai/production/static/js/sdk/chatSDK.841e89072fd84767eb9d.js:0:8021)
    at T.initEngagementPlatform (https://cdn.engagement.ai/production/static/js/sdk/chatSDK.841e89072fd84767eb9d.js:0:7467)
    at T.registerHandlers (https://cdn.engagement.ai/production/static/js/sdk/chatSDK.841e89072fd84767eb9d.js:0:7676)
    at init (https://cdn.engagement.ai/production/static/js/sdk/chatSDK.841e89072fd84767eb9d.js:0:9690)
    at <anonymous> (https://cdn.engagement.ai/production/static/js/sdk/chatSDK.841e89072fd84767eb9d.js:0:51361)
    at n (https://cdn.engagement.ai/production/static/js/sdk/chatSDK.841e89072fd84767eb9d.js:0:109)
    at <anonymous> (https://cdn.engagement.ai/production/static/js/sdk/chatSDK.841e89072fd84767eb9d.js:0:901)
    at <anonymous> (https://cdn.engagement.ai/production/static/js/sdk/chatSDK.841e89072fd84767eb9d.js:0:911)
[   26553ms] SyntaxError: Invalid regular expression: /^/support(/: Unterminated group
    at String.match (<anonymous>)
    at String.startsWith (https://files.namecheap.com/cdn/0/assets/js/v1275.global-script.min.js:82:9062)
    at https://cdn.engagement.ai/production/static/js/sdk/chatSDK.841e89072fd84767eb9d.js:1:17222
    at Array.some (<anonymous>)
    at r.isPageMatching (https://cdn.engagement.ai/production/static/js/sdk/chatSDK.841e89072fd84767eb9d.js:1:17074)
    at r.isPageAllowed (https://cdn.engagement.ai/production/static/js/sdk/chatSDK.841e89072fd84767eb9d.js:1:17370)
    at T.shouldRemoveWidget (https://cdn.engagement.ai/production/static/js/sdk/chatSDK.841e89072fd84767eb9d.js:1:8022)
    at T.initEngagementPlatform (https://cdn.engagement.ai/production/static/js/sdk/chatSDK.841e89072fd84767eb9d.js:1:7468)
    at HTMLDocument.nrWrapper (<anonymous>:1:16540)
[   26710ms] [WARNING] GetShoppingCartSummary returned null. @ https://static.nc-img.com/uilayout2/app.a6d77156e92549162122.js:0
[  191660ms] [VERBOSE] [DOM] Input elements should have autocomplete attributes (suggested: "new-password"): (More info: https://goo.gl/9p2vKq) %o @ https://ap.www.namecheap.com/domains/dcp/share/cozytidyfinds.com/rights:0
[  192771ms] Uncaught TypeError: Promise.allSettled is not a function
    at r (https://connect.facebook.net/en_US/fbevents.js:53:502)
    at value (https://connect.facebook.net/en_US/fbevents.js:127:11437)
    at plugin (https://connect.facebook.net/signals/config/1420159808240413?v=2.9.319&r=stable&domain=ap.www.namecheap.com&hme=7441a59ee5070e08bd0157a62d39bd95bf3afdcc83dafbad800e78b5416300a9&ex_m=104%2C207%2C155%2C22%2C72%2C73%2C146%2C68%2C67%2C11%2C164%2C90%2C16%2C138%2C48%2C147%2C77%2C112%2C47%2C127%2C39%2C75%2C78%2C134%2C160%2C166%2C8%2C4%2C5%2C7%2C6%2C3%2C91%2C101%2C167%2C172%2C221%2C62%2C188%2C189%2C55%2C278%2C30%2C74%2C233%2C232%2C231%2C23%2C33%2C103%2C61%2C10%2C63%2C97%2C98%2C99%2C105%2C130%2C31%2C29%2C132%2C133%2C129%2C128%2C156%2C76%2C159%2C157%2C158%2C50%2C60%2C123%2C15%2C163%2C45%2C265%2C266%2C264%2C26%2C27%2C28%2C18%2C20%2C44%2C40%2C42%2C41%2C83%2C92%2C96%2C110%2C145%2C148%2C46%2C111%2C24%2C21%2C119%2C69%2C36%2C150%2C149%2C151%2C142%2C140%2C25%2C35%2C59%2C109%2C162%2C70%2C17%2C153%2C114%2C81%2C66%2C19%2C85%2C86%2C116%2C84%2C136%2C135%2C139%2C161%2C34%2C280%2C296%2C214%2C203%2C204%2C202%2C299%2C290%2C52%2C215%2C107%2C131%2C80%2C121%2C54%2C49%2C113%2C120%2C126%2C58%2C64%2C152%2C115%2C37%2C32%2C53%2C56%2C100%2C165%2C1%2C124%2C14%2C122%2C12%2C2%2C57%2C93%2C65%2C118%2C89%2C88%2C168%2C169%2C94%2C95%2C9%2C125%2C102%2C51%2C143%2C87%2C79%2C71%2C117%2C106%2C43%2C144%2C0%2C82%2C137%2C141%2C154%2C38%2C108%2C13%2C170:265:62)
    at value (https://connect.facebook.net/en_US/fbevents.js:237:1069)
    at e.registerPlugin (https://connect.facebook.net/en_US/fbevents.js:443:15000)
    at <anonymous> (https://connect.facebook.net/signals/config/1420159808240413?v=2.9.319&r=stable&domain=ap.www.namecheap.com&hme=7441a59ee5070e08bd0157a62d39bd95bf3afdcc83dafbad800e78b5416300a9&ex_m=104%2C207%2C155%2C22%2C72%2C73%2C146%2C68%2C67%2C11%2C164%2C90%2C16%2C138%2C48%2C147%2C77%2C112%2C47%2C127%2C39%2C75%2C78%2C134%2C160%2C166%2C8%2C4%2C5%2C7%2C6%2C3%2C91%2C101%2C167%2C172%2C221%2C62%2C188%2C189%2C55%2C278%2C30%2C74%2C233%2C232%2C231%2C23%2C33%2C103%2C61%2C10%2C63%2C97%2C98%2C99%2C105%2C130%2C31%2C29%2C132%2C133%2C129%2C128%2C156%2C76%2C159%2C157%2C158%2C50%2C60%2C123%2C15%2C163%2C45%2C265%2C266%2C264%2C26%2C27%2C28%2C18%2C20%2C44%2C40%2C42%2C41%2C83%2C92%2C96%2C110%2C145%2C148%2C46%2C111%2C24%2C21%2C119%2C69%2C36%2C150%2C149%2C151%2C142%2C140%2C25%2C35%2C59%2C109%2C162%2C70%2C17%2C153%2C114%2C81%2C66%2C19%2C85%2C86%2C116%2C84%2C136%2C135%2C139%2C161%2C34%2C280%2C296%2C214%2C203%2C204%2C202%2C299%2C290%2C52%2C215%2C107%2C131%2C80%2C121%2C54%2C49%2C113%2C120%2C126%2C58%2C64%2C152%2C115%2C37%2C32%2C53%2C56%2C100%2C165%2C1%2C124%2C14%2C122%2C12%2C2%2C57%2C93%2C65%2C118%2C89%2C88%2C168%2C169%2C94%2C95%2C9%2C125%2C102%2C51%2C143%2C87%2C79%2C71%2C117%2C106%2C43%2C144%2C0%2C82%2C137%2C141%2C154%2C38%2C108%2C13%2C170:194:4)
