[     164ms] [ERROR] [NoriLogger] [WARN] DSPClientStrategy No events to send to endpoint @ https://m.media-amazon.com/images/I/B1dz9frsFyL.js:10
[     166ms] [ERROR] [NoriLogger] [WARN] DSPClientStrategy No events to send to endpoint @ https://m.media-amazon.com/images/I/B1dz9frsFyL.js:10
[     168ms] [ERROR] [NoriLogger] [WARN] DSPClientStrategy No events to send to endpoint @ https://m.media-amazon.com/images/I/B1dz9frsFyL.js:10
[     796ms] [LOG] [NoriLogger] Initialized successfully @ https://m.media-amazon.com/images/I/B1dz9frsFyL.js:26
[     797ms] [ERROR] [NoriLogger] [WARN] DSPClientStrategy NoriLogger: Timer for fontsRender already exists. @ https://m.media-amazon.com/images/I/B1dz9frsFyL.js:10
[     798ms] [ERROR] [NoriLogger] [WARN] DSPClientStrategy NoriLogger: Timer for fontsRender already exists. @ https://m.media-amazon.com/images/I/B1dz9frsFyL.js:10
[     800ms] [ERROR] [NoriLogger] [WARN] DSPClientStrategy NoriLogger: Timer for gridBuilderBuyBoxRender already exists. @ https://m.media-amazon.com/images/I/B1dz9frsFyL.js:10
[     832ms] [LOG] [NoriLogger] Initialized successfully @ https://m.media-amazon.com/images/I/B1dz9frsFyL.js:26
[     834ms] [ERROR] [NoriLogger] [WARN] DSPClientStrategy NoriLogger: Timer for fontsRender already exists. @ https://m.media-amazon.com/images/I/B1dz9frsFyL.js:10
[     834ms] [ERROR] [NoriLogger] [WARN] DSPClientStrategy NoriLogger: Timer for fontsRender already exists. @ https://m.media-amazon.com/images/I/B1dz9frsFyL.js:10
[     841ms] [ERROR] [NoriLogger] [WARN] DSPClientStrategy NoriLogger: Timer for gridBuilderBuyBoxRender already exists. @ https://m.media-amazon.com/images/I/B1dz9frsFyL.js:10
[     859ms] [LOG] [NoriLogger] Initialized successfully @ https://m.media-amazon.com/images/I/B1dz9frsFyL.js:26
[     861ms] [ERROR] [NoriLogger] [WARN] DSPClientStrategy NoriLogger: Timer for fontsRender already exists. @ https://m.media-amazon.com/images/I/B1dz9frsFyL.js:10
[     862ms] [ERROR] [NoriLogger] [WARN] DSPClientStrategy NoriLogger: Timer for fontsRender already exists. @ https://m.media-amazon.com/images/I/B1dz9frsFyL.js:10
[    1619ms] [LOG] [NoriLogger] Initialized successfully @ https://m.media-amazon.com/images/I/B1dz9frsFyL.js:26
[    1634ms] [ERROR] [NoriLogger] [WARN] DSPClientStrategy NoriLogger: Timer for fontsRender already exists. @ https://m.media-amazon.com/images/I/B1dz9frsFyL.js:10
[    1635ms] [ERROR] [NoriLogger] [WARN] DSPClientStrategy NoriLogger: Timer for fontsRender already exists. @ https://m.media-amazon.com/images/I/B1dz9frsFyL.js:10
[    1637ms] [LOG] [NoriLogger] Initialized successfully @ https://m.media-amazon.com/images/I/B1dz9frsFyL.js:26
[    1657ms] [ERROR] [NoriLogger] [WARN] DSPClientStrategy NoriLogger: Timer for fontsRender already exists. @ https://m.media-amazon.com/images/I/B1dz9frsFyL.js:10
[    1676ms] [LOG] [NoriLogger] Initialized successfully @ https://m.media-amazon.com/images/I/B1dz9frsFyL.js:26
[    1680ms] [ERROR] [NoriLogger] [WARN] DSPClientStrategy NoriLogger: Timer for fontsRender already exists. @ https://m.media-amazon.com/images/I/B1dz9frsFyL.js:10
[    1681ms] [ERROR] [NoriLogger] [WARN] DSPClientStrategy NoriLogger: Timer for fontsRender already exists. @ https://m.media-amazon.com/images/I/B1dz9frsFyL.js:10
[    1714ms] [ERROR] Failed to load resource: net::ERR_TRUST_TOKEN_OPERATION_FAILED @ https://www.amazon.com/tt/i:0
[    3411ms] [ERROR] Error logged with the Track&Report JS errors API(http://tiny/1covqr6l8/wamazindeClieUserJava): {"m":"ARA:RegisterTriggerResponseError:DPV. Error receiving response from ARAServiceFailed to execute 'json' on 'Response': Unexpected end of JSON input","name":"SyntaxError","csm":"v5 ueLogError stack","logLevel":"ERROR","attribution":"ARARegisterTrigger","pageURL":"https://www.amazon.com/dp/B00X8KSKF6?th=1","f":"https://m.media-amazon.com/images/I/21vARlfe4pL._RC%7C11WTF6kPMoL.js_.js?AUIClients/ARARegisterTriggerSubAssets-dpv","l":"7","s":["SyntaxError: Unexpected end of JSON input","at https://m.media-amazon.com/images/I/21vARlfe4pL._RC%7C11WTF6kPMoL.js_.js?AUIClients/ARARegisterTriggerSubAssets-dpv:7:384"],"t":3228} {m: ARA:RegisterTriggerResponseError:DPV. Error receiv…json' on 'Response': Unexpected end of JSON input, name: SyntaxError, type: undefined, csm: v5 ueLogError stack, logLevel: ERROR} @ https://images-na.ssl-images-amazon.com/images/I/215h87l68bL.js:3
